// Jest Snapshot v1, https://goo.gl/fbAQLP

exports[`renders a dashboard with filters and expenses 1`] = `
<div>
  <Connect(ExpenseListFilters) />
  <Connect(ExpenseList) />
</div>
`;
